
> 4t-akademi-yeni@0.1.0 build
> next build

node.exe : [baseline-browser-mapping] The data 
in this module is over two months old.  To ensu
re accurate Baseline data, please update: `npm 
i baseline-browser-mapping@latest -D`
At line:1 char:1
+ & "C:\Program Files\nodejs/node.exe" "C:\Prog
ram Files\nodejs/node_mo ...
+ ~~~~~~~~~~~~~~~~~~~~~~~~~~~~~~~~~~~~~~~~~~~~~
~~~~~~~~~~~~~~~~~~~~~~~~
    + CategoryInfo          : NotSpecified: ([ 
   baseline-brows...ping@latest -D`:String) [  
  ], RemoteException
    + FullyQualifiedErrorId : NativeCommandErr 
   or
 
 ÔÜá `eslint` configuration in next.config.ts i
s no longer supported. See more info here: http
s://nextjs.org/docs/app/api-reference/cli/next#
next-lint-options
 ÔÜá Invalid next.config.ts options detected: 
 ÔÜá     Unrecognized key(s) in object: 'eslint
'
 ÔÜá See more info here: https://nextjs.org/doc
s/messages/invalid-next-config
 ÔÜá Warning: Next.js inferred your workspace r
oot, but it may not be correct.
 We detected multiple lockfiles and selected th
e directory of C:\Users\R├╝stem\package-lock.js
on as the root directory.
 To silence this warning, set `turbopack.root` 
in your Next.js config, or consider removing on
e of the lockfiles if it's not needed.
   See https://nextjs.org/docs/app/api-referenc
e/config/next-config-js/turbopack#root-director
y for more information.
 Detected additional lockfiles: 
   * C:\Users\R├╝stem\Desktop\4t-akademi-yeni\p
ackage-lock.json

   Ôû▓ Next.js 16.0.1 (Turbopack)

   Creating an optimized production build ...
[baseline-browser-mapping] The data in this mod
ule is over two months old.  To ensure accurate
 Baseline data, please update: `npm i baseline-
browser-mapping@latest -D`
[baseline-browser-mapping] The data in this mod
ule is over two months old.  To ensure accurate
 Baseline data, please update: `npm i baseline-
browser-mapping@latest -D`
Error: Cannot apply unknown utility class `glas
s-premium`
    [2m[at onInvalidCandidate (C:\Users\R├╝ste
m\Desktop\4t-akademi-yeni\node_modules\tailwind
css\dist\lib.js:21:1511)][0m
    [2m[at Te (C:\Users\R├╝stem\Desktop\4t-aka
demi-yeni\node_modules\tailwindcss\dist\lib.js:
16:36326)][0m
    [2m[at C:\Users\R├╝stem\Desktop\4t-akademi
-yeni\node_modules\tailwindcss\dist\lib.js:21:3
55][0m
    [2m[at Rr (C:\Users\R├╝stem\Desktop\4t-aka
demi-yeni\node_modules\tailwindcss\dist\lib.js:
3:1718)][0m
    [2m[at _ (C:\Users\R├╝stem\Desktop\4t-akad
emi-yeni\node_modules\tailwindcss\dist\lib.js:3
:1377)][0m
    [2m[at $e (C:\Users\R├╝stem\Desktop\4t-aka
demi-yeni\node_modules\tailwindcss\dist\lib.js:
21:172)][0m
    [2m[at un (C:\Users\R├╝stem\Desktop\4t-aka
demi-yeni\node_modules\tailwindcss\dist\lib.js:
38:294)][0m
    [2m[at async cn (C:\Users\R├╝stem\Desktop\
4t-akademi-yeni\node_modules\tailwindcss\dist\l
ib.js:38:631)][0m
    [2m[at async Xr (C:\Users\R├╝stem\Desktop\
4t-akademi-yeni\node_modules\@tailwindcss\node\
dist\index.js:10:3417)][0m
    [2m[at async I (C:\Users\R├╝stem\Desktop\4
t-akademi-yeni\node_modules\@tailwindcss\postcs
s\dist\index.js:10:3977)][0m

> Build error occurred
Error: Turbopack build failed with 1 errors:
./Desktop/4t-akademi-yeni/src/app/globals.css
Error evaluating Node.js code
CssSyntaxError: tailwindcss: C:\Users\R├╝stem\D
esktop\4t-akademi-yeni\src\app\globals.css:1:1:
 Cannot apply unknown utility class `glass-prem
ium`
    at Input.error (Desktop/4t-akademi-yeni/nod
e_modules/postcss/lib/input.js:135:16) [C:\User
s\R├╝stem\Desktop\4t-akademi-yeni\.next\build\c
hunks\0f3da_6ee48af9._.js:4651:22]
    at Root.error (Desktop/4t-akademi-yeni/node
_modules/postcss/lib/node.js:146:32) [C:\Users\
R├╝stem\Desktop\4t-akademi-yeni\.next\build\chu
nks\0f3da_6ee48af9._.js:928:38]
    [at Object.Once (C:\Users\R├╝stem\Desktop\4
t-akademi-yeni\node_modules\@tailwindcss\postcs
s\dist\index.js:10:6911)]
    at async LazyResult.runAsync (Desktop/4t-ak
ademi-yeni/node_modules/postcss/lib/lazy-result
.js:293:11) [C:\Users\R├╝stem\Desktop\4t-akadem
i-yeni\.next\build\chunks\0f3da_6ee48af9._.js:6
206:21]
    at async transform (turbopack:///[turbopack
-node]/transforms/postcss.ts:70:34) [C:\Users\R
├╝stem\Desktop\4t-akademi-yeni\.next\build\chun
ks\[root-of-the-server]__711ca092._.js:148:36]
    at async run (turbopack:///[turbopack-node]
/ipc/evaluate.ts:92:23) [C:\Users\R├╝stem\Deskt
op\4t-akademi-yeni\.next\build\chunks\[root-of-
the-server]__818bec4e._.js:443:31]

Import trace:
  Client Component Browser:
    ./Desktop/4t-akademi-yeni/src/app/globals.c
ss [Client Component Browser]
    ./Desktop/4t-akademi-yeni/src/app/layout.ts
x [Server Component]


    at async transform (turbopack:///[turbopack
-node]/transforms/postcss.ts:70:34) [C:\Users\R
├╝stem\Desktop\4t-akademi-yeni\.next\build\chun
ks\[root-of-the-server]__711ca092._.js:148:36])
    at async run (turbopack:///[turbopack-node]
/ipc/evaluate.ts:92:23) [C:\Users\R├╝stem\Deskt
op\4t-akademi-yeni\.next\build\chunks\[root-of-
the-server]__818bec4e._.js:443:31])
